
> vite_react_shadcn_ts@0.0.0 build
> vite build

[36mvite v5.4.19 [32mbuilding for production...[36m[39m
transforming...
node.exe : Browserslist: 
browsers data (caniuse-lite) 
is 10 months old. Please run:
No linha:1 caractere:1
+ & "C:\Program 
Files\nodejs/node.exe" 
"C:\Program 
Files\nodejs/node_mo ...
+ ~~~~~~~~~~~~~~~~~~~~~~~~~~~
~~~~~~~~~~~~~~~~~~~~~~~~~~~~~
~~~~~~~~~~~~~
    + CategoryInfo           
   : NotSpecified: (Browser  
  slist: b...ld. Please ru   
 n::String) [], RemoteExc    
eption
    + FullyQualifiedErrorId  
   : NativeCommandError
 
  npx 
update-browserslist-db@latest
  Why you should do it 
regularly: https://github.com
/browserslist/update-db#readm
e
[32mÔ£ô[39m 3881 modules transformed.
rendering chunks...
computing gzip size...
[2mdist/[22m[32mindex.html                                 [39m[1m[2m    1.76 kB[22m[1m[22m[2m Ôöé gzip:   0.70 kB[22m
[2mdist/[22m[32massets/espetinho-BbBJ49Zk.png              [39m[1m[2m   27.90 kB[22m[1m[22m
[2mdist/[22m[32massets/logo-infornexa-Bf3mhfie.png         [39m[1m[2m   43.99 kB[22m[1m[22m
[2mdist/[22m[32massets/logo-infornexa-header-C6fvjbAi.png  [39m[1m[2m   54.72 kB[22m[1m[22m
[2mdist/[22m[35massets/index-BmWWXthO.css                  [39m[1m[2m  122.85 kB[22m[1m[22m[2m Ôöé gzip:  24.07 kB[22m
[2mdist/[22m[36massets/purify.es-C5KSVp3G.js               [39m[1m[2m   22.74 kB[22m[1m[22m[2m Ôöé gzip:   8.79 kB[22m
[2mdist/[22m[36massets/index.es-D_2oJygR.js                [39m[1m[2m  150.55 kB[22m[1m[22m[2m Ôöé gzip:  51.51 kB[22m
[2mdist/[22m[36massets/html2canvas.esm-CBrSDip1.js         [39m[1m[2m  201.42 kB[22m[1m[22m[2m Ôöé gzip:  48.03 kB[22m
[2mdist/[22m[36massets/index-BDgBWEaE.js                   [39m[1m[33m2,422.58 kB[39m[22m[2m Ôöé gzip: 708.65 kB[22m
[33m
(!) Some chunks are larger 
than 1500 kB after 
minification. Consider:
- Using dynamic import() to 
code-split the application
- Use build.rollupOptions.out
put.manualChunks to improve 
chunking: https://rollupjs.or
g/configuration-options/#outp
ut-manualchunks
- Adjust chunk size limit 
for this warning via build.ch
unkSizeWarningLimit.[39m
[32mÔ£ô built in 21.18s[39m
